\BOOKMARK [0][-]{chapter*.1}{\376\377\000A\000c\000k\000n\000o\000w\000l\000e\000d\000g\000e\000m\000e\000n\000t\000s}{}% 1
\BOOKMARK [0][-]{chapter*.2}{\376\377\000A\000b\000s\000t\000r\000a\000c\000t}{}% 2
\BOOKMARK [0][-]{chapter*.2}{\376\377\000L\000i\000s\000t\000\040\000o\000f\000\040\000F\000i\000g\000u\000r\000e\000s}{}% 3
\BOOKMARK [0][-]{chapter*.2}{\376\377\000L\000i\000s\000t\000\040\000o\000f\000\040\000T\000a\000b\000l\000e\000s}{}% 4
\BOOKMARK [0][-]{chapter*.3}{\376\377\000L\000i\000s\000t\000\040\000o\000f\000\040\000A\000b\000b\000r\000e\000v\000i\000a\000t\000i\000o\000n\000s}{}% 5
\BOOKMARK [0][-]{chapter*.4}{\376\377\000G\000e\000n\000e\000r\000a\000l\000\040\000I\000n\000t\000r\000o\000d\000u\000c\000t\000i\000o\000n}{}% 6
\BOOKMARK [0][-]{chapter.1}{\376\377\000C\000o\000n\000t\000e\000x\000t\000,\000\040\000P\000r\000o\000b\000l\000e\000m\000\040\000S\000t\000a\000t\000e\000m\000e\000n\000t\000\040\000a\000n\000d\000\040\000S\000t\000a\000t\000e\000\040\000o\000f\000\040\000t\000h\000e\000\040\000A\000r\000t}{}% 7
\BOOKMARK [1][-]{section.1.1}{\376\377\000P\000r\000e\000s\000e\000n\000t\000a\000t\000i\000o\000n\000\040\000o\000f\000\040\000t\000h\000e\000\040\000H\000o\000s\000t\000\040\000O\000r\000g\000a\000n\000i\000s\000a\000t\000i\000o\000n}{chapter.1}% 8
\BOOKMARK [2][-]{subsection.1.1.1}{\376\377\000F\000l\000e\000x\000o\000s\000\040\000T\000u\000n\000i\000s\000i\000e}{section.1.1}% 9
\BOOKMARK [2][-]{subsection.1.1.2}{\376\377\000O\000r\000g\000a\000n\000i\000s\000a\000t\000i\000o\000n\000a\000l\000\040\000S\000e\000c\000u\000r\000i\000t\000y\000\040\000C\000o\000n\000t\000e\000x\000t}{section.1.1}% 10
\BOOKMARK [1][-]{section.1.2}{\376\377\000C\000o\000v\000e\000r\000a\000g\000e\000\040\000a\000n\000d\000\040\000E\000x\000p\000l\000o\000r\000a\000t\000i\000o\000n\000\040\000A\000n\000a\000l\000y\000s\000i\000s}{chapter.1}% 11
\BOOKMARK [2][-]{subsection.1.2.1}{\376\377\000C\000o\000n\000s\000t\000r\000a\000i\000n\000t\000s}{section.1.2}% 12
\BOOKMARK [1][-]{section.1.3}{\376\377\000P\000r\000o\000p\000o\000s\000e\000d\000\040\000S\000o\000l\000u\000t\000i\000o\000n\000\040\000O\000v\000e\000r\000v\000i\000e\000w}{chapter.1}% 13
\BOOKMARK [1][-]{section.1.4}{\376\377\000P\000r\000o\000j\000e\000c\000t\000\040\000M\000e\000t\000h\000o\000d\000o\000l\000o\000g\000y}{chapter.1}% 14
\BOOKMARK [2][-]{subsection.1.4.1}{\376\377\000S\000c\000r\000u\000m\000\040\000F\000r\000a\000m\000e\000w\000o\000r\000k}{section.1.4}% 15
\BOOKMARK [2][-]{subsection.1.4.2}{\376\377\000S\000p\000r\000i\000n\000t\000\040\000P\000l\000a\000n\000n\000i\000n\000g}{section.1.4}% 16
\BOOKMARK [2][-]{subsection.1.4.3}{\376\377\000P\000r\000o\000j\000e\000c\000t\000\040\000G\000a\000n\000t\000t\000\040\000C\000h\000a\000r\000t}{section.1.4}% 17
\BOOKMARK [1][-]{section.1.5}{\376\377\000S\000t\000a\000t\000e\000\040\000o\000f\000\040\000t\000h\000e\000\040\000A\000r\000t}{chapter.1}% 18
\BOOKMARK [2][-]{subsection.1.5.1}{\376\377\000S\000e\000c\000u\000r\000i\000t\000y\000\040\000O\000p\000e\000r\000a\000t\000i\000o\000n\000s\000\040\000C\000e\000n\000t\000e\000r\000\040\000\050\000S\000O\000C\000\051}{section.1.5}% 19
\BOOKMARK [2][-]{subsection.1.5.2}{\376\377\000C\000o\000r\000e\000\040\000S\000O\000C\000\040\000C\000o\000m\000p\000o\000n\000e\000n\000t\000\040\000D\000e\000f\000i\000n\000i\000t\000i\000o\000n\000s}{section.1.5}% 20
\BOOKMARK [2][-]{subsection.1.5.3}{\376\377\000C\000o\000m\000m\000e\000r\000c\000i\000a\000l\000\040\000v\000s\000.\000\040\000O\000p\000e\000n\000-\000S\000o\000u\000r\000c\000e\000\040\000T\000o\000o\000l\000\040\000C\000o\000m\000p\000a\000r\000i\000s\000o\000n}{section.1.5}% 21
\BOOKMARK [2][-]{subsection.1.5.4}{\376\377\000T\000e\000c\000h\000n\000o\000l\000o\000g\000y\000\040\000S\000e\000l\000e\000c\000t\000i\000o\000n\000\040\000R\000a\000t\000i\000o\000n\000a\000l\000e}{section.1.5}% 22
\BOOKMARK [0][-]{chapter.2}{\376\377\000A\000r\000c\000h\000i\000t\000e\000c\000t\000u\000r\000e\000\040\000a\000n\000d\000\040\000D\000e\000s\000i\000g\000n}{}% 23
\BOOKMARK [1][-]{section.2.1}{\376\377\000G\000l\000o\000b\000a\000l\000\040\000P\000l\000a\000t\000f\000o\000r\000m\000\040\000A\000r\000c\000h\000i\000t\000e\000c\000t\000u\000r\000e}{chapter.2}% 24
\BOOKMARK [2][-]{subsection.2.1.1}{\376\377\000F\000o\000u\000r\000-\000L\000a\000y\000e\000r\000\040\000A\000r\000c\000h\000i\000t\000e\000c\000t\000u\000r\000e}{section.2.1}% 25
\BOOKMARK [2][-]{subsection.2.1.2}{\376\377\000P\000h\000y\000s\000i\000c\000a\000l\000\040\000I\000n\000f\000r\000a\000s\000t\000r\000u\000c\000t\000u\000r\000e\000\040\000T\000o\000p\000o\000l\000o\000g\000y}{section.2.1}% 26
\BOOKMARK [2][-]{subsection.2.1.3}{\376\377\000K\000u\000b\000e\000r\000n\000e\000t\000e\000s\000\040\000N\000a\000m\000e\000s\000p\000a\000c\000e\000\040\000O\000r\000g\000a\000n\000i\000s\000a\000t\000i\000o\000n}{section.2.1}% 27
\BOOKMARK [2][-]{subsection.2.1.4}{\376\377\000N\000e\000t\000w\000o\000r\000k\000\040\000S\000e\000r\000v\000i\000c\000e\000s\000\040\000a\000n\000d\000\040\000P\000o\000r\000t\000\040\000M\000a\000p\000p\000i\000n\000g}{section.2.1}% 28
\BOOKMARK [1][-]{section.2.2}{\376\377\000D\000e\000v\000S\000e\000c\000O\000p\000s\000\040\000A\000u\000t\000o\000m\000a\000t\000i\000o\000n\000\040\000P\000i\000p\000e\000l\000i\000n\000e}{chapter.2}% 29
\BOOKMARK [2][-]{subsection.2.2.1}{\376\377\000P\000i\000p\000e\000l\000i\000n\000e\000\040\000O\000v\000e\000r\000v\000i\000e\000w}{section.2.2}% 30
\BOOKMARK [2][-]{subsection.2.2.2}{\376\377\000P\000i\000p\000e\000l\000i\000n\000e\000\040\000S\000t\000a\000g\000e\000s}{section.2.2}% 31
\BOOKMARK [2][-]{subsection.2.2.3}{\376\377\000L\000o\000c\000a\000l\000\040\000D\000e\000m\000o\000\040\000A\000r\000c\000h\000i\000t\000e\000c\000t\000u\000r\000e}{section.2.2}% 32
\BOOKMARK [1][-]{section.2.3}{\376\377\000C\000o\000m\000p\000o\000n\000e\000n\000t\000\040\000I\000n\000t\000e\000r\000a\000c\000t\000i\000o\000n\000\040\000a\000n\000d\000\040\000D\000a\000t\000a\000\040\000F\000l\000o\000w}{chapter.2}% 33
\BOOKMARK [1][-]{section.2.4}{\376\377\000O\000p\000e\000r\000a\000t\000i\000o\000n\000a\000l\000\040\000M\000o\000d\000e\000l\000s}{chapter.2}% 34
\BOOKMARK [2][-]{subsection.2.4.1}{\376\377\000P\000l\000a\000t\000f\000o\000r\000m\000\040\000A\000c\000t\000o\000r\000s\000\040\000a\000n\000d\000\040\000R\000e\000s\000p\000o\000n\000s\000i\000b\000i\000l\000i\000t\000i\000e\000s}{section.2.4}% 35
\BOOKMARK [2][-]{subsection.2.4.2}{\376\377\000S\000S\000H\000\040\000B\000r\000u\000t\000e\000-\000F\000o\000r\000c\000e\000\040\000D\000e\000t\000e\000c\000t\000i\000o\000n\000\040\000S\000e\000q\000u\000e\000n\000c\000e}{section.2.4}% 36
\BOOKMARK [2][-]{subsection.2.4.3}{\376\377\000D\000e\000p\000l\000o\000y\000m\000e\000n\000t\000\040\000A\000r\000c\000h\000i\000t\000e\000c\000t\000u\000r\000e}{section.2.4}% 37
\BOOKMARK [0][-]{chapter.3}{\376\377\000I\000m\000p\000l\000e\000m\000e\000n\000t\000a\000t\000i\000o\000n}{}% 38
\BOOKMARK [1][-]{section.3.1}{\376\377\000I\000n\000f\000r\000a\000s\000t\000r\000u\000c\000t\000u\000r\000e\000\040\000P\000r\000o\000v\000i\000s\000i\000o\000n\000i\000n\000g}{chapter.3}% 39
\BOOKMARK [2][-]{subsection.3.1.1}{\376\377\000P\000r\000o\000x\000m\000o\000x\000\040\000a\000n\000d\000\040\000V\000M\000\040\000B\000a\000s\000e\000l\000i\000n\000e}{section.3.1}% 40
\BOOKMARK [2][-]{subsection.3.1.2}{\376\377\000k\0003\000s\000\040\000C\000l\000u\000s\000t\000e\000r\000\040\000D\000e\000p\000l\000o\000y\000m\000e\000n\000t\000\040\000\050\000k\0003\000s\000-\000m\000a\000s\000t\000e\000r\000\040\000a\000n\000d\000\040\000k\0003\000s\000-\000w\000o\000r\000k\000e\000r\000\040\000r\000o\000l\000e\000s\000\051}{section.3.1}% 41
\BOOKMARK [1][-]{section.3.2}{\376\377\000W\000a\000z\000u\000h\000\040\0004\000.\0001\0004\000.\0003\000\040\000D\000e\000p\000l\000o\000y\000m\000e\000n\000t\000\040\000\050\000s\000o\000c\000-\000t\000o\000o\000l\000s\000-\000k\0008\000s\000\040\000r\000o\000l\000e\000\051}{chapter.3}% 42
\BOOKMARK [2][-]{subsection.3.2.1}{\376\377\000A\000r\000c\000h\000i\000t\000e\000c\000t\000u\000r\000e}{section.3.2}% 43
\BOOKMARK [2][-]{subsection.3.2.2}{\376\377\000C\000o\000n\000f\000i\000g\000M\000a\000p\000-\000B\000a\000s\000e\000d\000\040\000C\000o\000n\000f\000i\000g\000u\000r\000a\000t\000i\000o\000n}{section.3.2}% 44
\BOOKMARK [2][-]{subsection.3.2.3}{\376\377\000A\000c\000t\000i\000v\000e\000\040\000R\000e\000s\000p\000o\000n\000s\000e\000\040\000a\000n\000d\000\040\000I\000n\000t\000e\000g\000r\000a\000t\000i\000o\000n\000\040\000C\000o\000n\000f\000i\000g\000u\000r\000a\000t\000i\000o\000n}{section.3.2}% 45
\BOOKMARK [1][-]{section.3.3}{\376\377\000C\000u\000s\000t\000o\000m\000\040\000D\000e\000t\000e\000c\000t\000i\000o\000n\000\040\000R\000u\000l\000e\000s}{chapter.3}% 46
\BOOKMARK [1][-]{section.3.4}{\376\377\000S\000u\000r\000i\000c\000a\000t\000a\000\040\0007\000.\0000\000.\0003\000\040\040\024\000\040\000N\000e\000t\000w\000o\000r\000k\000\040\000I\000D\000S\000\040\000\050\000s\000o\000c\000-\000t\000o\000o\000l\000s\000-\000k\0008\000s\000\040\000r\000o\000l\000e\000\051}{chapter.3}% 47
\BOOKMARK [2][-]{subsection.3.4.1}{\376\377\000D\000a\000e\000m\000o\000n\000S\000e\000t\000\040\000A\000r\000c\000h\000i\000t\000e\000c\000t\000u\000r\000e}{section.3.4}% 48
\BOOKMARK [2][-]{subsection.3.4.2}{\376\377\000W\000a\000z\000u\000h\000\040\000I\000n\000t\000e\000g\000r\000a\000t\000i\000o\000n\000\040\000f\000o\000r\000\040\000S\000u\000r\000i\000c\000a\000t\000a\000\040\000E\000V\000E\000\040\000J\000S\000O\000N}{section.3.4}% 49
\BOOKMARK [1][-]{section.3.5}{\376\377\000T\000h\000e\000H\000i\000v\000e\000\040\0005\000.\0002\000.\0008\000\040\040\024\000\040\000I\000n\000c\000i\000d\000e\000n\000t\000\040\000R\000e\000s\000p\000o\000n\000s\000e\000\040\000P\000l\000a\000t\000f\000o\000r\000m\000\040\000\050\000s\000o\000c\000-\000t\000o\000o\000l\000s\000-\000k\0008\000s\000\040\000r\000o\000l\000e\000\051}{chapter.3}% 50
\BOOKMARK [2][-]{subsection.3.5.1}{\376\377\000D\000e\000p\000l\000o\000y\000m\000e\000n\000t}{section.3.5}% 51
\BOOKMARK [2][-]{subsection.3.5.2}{\376\377\000C\000u\000s\000t\000o\000m\000\040\000W\000a\000z\000u\000h\000-\000T\000h\000e\000H\000i\000v\000e\000\040\000I\000n\000t\000e\000g\000r\000a\000t\000i\000o\000n\000\040\000S\000c\000r\000i\000p\000t}{section.3.5}% 52
\BOOKMARK [1][-]{section.3.6}{\376\377\000C\000o\000r\000t\000e\000x\000\040\0003\000.\0001\000.\0007\000\040\040\024\000\040\000A\000u\000t\000o\000m\000a\000t\000e\000d\000\040\000A\000n\000a\000l\000y\000s\000i\000s\000\040\000\050\000s\000o\000c\000-\000t\000o\000o\000l\000s\000-\000d\000o\000c\000k\000e\000r\000\040\000r\000o\000l\000e\000\051}{chapter.3}% 53
\BOOKMARK [1][-]{section.3.7}{\376\377\000S\000h\000u\000f\000f\000l\000e\000\040\000S\000O\000A\000R\000\040\040\024\000\040\000W\000o\000r\000k\000f\000l\000o\000w\000\040\000A\000u\000t\000o\000m\000a\000t\000i\000o\000n\000\040\000\050\000s\000o\000c\000-\000t\000o\000o\000l\000s\000-\000d\000o\000c\000k\000e\000r\000\040\000r\000o\000l\000e\000\051}{chapter.3}% 54
\BOOKMARK [1][-]{section.3.8}{\376\377\000W\000i\000n\000d\000o\000w\000s\000\040\000E\000n\000d\000p\000o\000i\000n\000t\000\040\040\024\000\040\000S\000y\000s\000m\000o\000n\000\040\000a\000n\000d\000\040\000W\000a\000z\000u\000h\000\040\000A\000g\000e\000n\000t\000\040\0000\0000\0008}{chapter.3}% 55
\BOOKMARK [1][-]{section.3.9}{\376\377\000A\000n\000s\000i\000b\000l\000e\000\040\000A\000u\000t\000o\000m\000a\000t\000i\000o\000n\000\040\040\024\000\040\000S\000i\000x\000-\000R\000o\000l\000e\000\040\000D\000e\000p\000l\000o\000y\000m\000e\000n\000t}{chapter.3}% 56
\BOOKMARK [2][-]{subsection.3.9.1}{\376\377\000P\000l\000a\000y\000b\000o\000o\000k\000\040\000S\000t\000r\000u\000c\000t\000u\000r\000e}{section.3.9}% 57
\BOOKMARK [2][-]{subsection.3.9.2}{\376\377\000A\000n\000s\000i\000b\000l\000e\000\040\000I\000n\000v\000e\000n\000t\000o\000r\000y}{section.3.9}% 58
\BOOKMARK [1][-]{section.3.10}{\376\377\000G\000i\000t\000H\000u\000b\000\040\000A\000c\000t\000i\000o\000n\000s\000\040\000C\000I\000/\000C\000D\000\040\000P\000i\000p\000e\000l\000i\000n\000e}{chapter.3}% 59
\BOOKMARK [1][-]{section.3.11}{\376\377\000A\000W\000X\000\040\000A\000u\000t\000o\000m\000a\000t\000i\000o\000n\000\040\000U\000I\000\040\000a\000n\000d\000\040\000T\000e\000r\000r\000a\000f\000o\000r\000m\000\040\000I\000a\000C}{chapter.3}% 60
\BOOKMARK [2][-]{subsection.3.11.1}{\376\377\000A\000W\000X\000\040\000C\000o\000n\000f\000i\000g\000u\000r\000a\000t\000i\000o\000n}{section.3.11}% 61
\BOOKMARK [2][-]{subsection.3.11.2}{\376\377\000T\000e\000r\000r\000a\000f\000o\000r\000m\000\040\000I\000n\000f\000r\000a\000s\000t\000r\000u\000c\000t\000u\000r\000e\000\040\000a\000s\000\040\000C\000o\000d\000e}{section.3.11}% 62
\BOOKMARK [0][-]{chapter.4}{\376\377\000T\000e\000s\000t\000i\000n\000g\000,\000\040\000V\000a\000l\000i\000d\000a\000t\000i\000o\000n\000\040\000a\000n\000d\000\040\000R\000e\000s\000u\000l\000t\000s}{}% 63
\BOOKMARK [1][-]{section.4.1}{\376\377\000T\000e\000s\000t\000\040\000E\000n\000v\000i\000r\000o\000n\000m\000e\000n\000t}{chapter.4}% 64
\BOOKMARK [1][-]{section.4.2}{\376\377\000S\000c\000e\000n\000a\000r\000i\000o\000\040\0001\000\040\040\024\000\040\000S\000S\000H\000\040\000B\000r\000u\000t\000e\000\040\000F\000o\000r\000c\000e\000\040\000\050\000T\0001\0001\0001\0000\000.\0000\0000\0001\000\051}{chapter.4}% 65
\BOOKMARK [2][-]{subsection.4.2.1}{\376\377\000A\000t\000t\000a\000c\000k\000\040\000E\000x\000e\000c\000u\000t\000i\000o\000n}{section.4.2}% 66
\BOOKMARK [2][-]{subsection.4.2.2}{\376\377\000D\000e\000t\000e\000c\000t\000i\000o\000n\000\040\000T\000i\000m\000e\000l\000i\000n\000e}{section.4.2}% 67
\BOOKMARK [2][-]{subsection.4.2.3}{\376\377\000E\000v\000i\000d\000e\000n\000c\000e}{section.4.2}% 68
\BOOKMARK [1][-]{section.4.3}{\376\377\000S\000c\000e\000n\000a\000r\000i\000o\000\040\0002\000\040\040\024\000\040\000P\000r\000i\000v\000i\000l\000e\000g\000e\000\040\000E\000s\000c\000a\000l\000a\000t\000i\000o\000n\000\040\000\050\000T\0001\0005\0004\0008\000.\0000\0000\0003\000\051}{chapter.4}% 69
\BOOKMARK [2][-]{subsection.4.3.1}{\376\377\000D\000e\000s\000c\000r\000i\000p\000t\000i\000o\000n}{section.4.3}% 70
\BOOKMARK [2][-]{subsection.4.3.2}{\376\377\000T\000r\000i\000g\000g\000e\000r\000\040\000R\000u\000l\000e}{section.4.3}% 71
\BOOKMARK [2][-]{subsection.4.3.3}{\376\377\000A\000c\000t\000i\000v\000e\000\040\000R\000e\000s\000p\000o\000n\000s\000e\000\040\000C\000o\000n\000f\000i\000g\000u\000r\000a\000t\000i\000o\000n}{section.4.3}% 72
\BOOKMARK [1][-]{section.4.4}{\376\377\000S\000c\000e\000n\000a\000r\000i\000o\000\040\0003\000\040\040\024\000\040\000S\000u\000r\000i\000c\000a\000t\000a\000\040\000N\000e\000t\000w\000o\000r\000k\000\040\000D\000e\000t\000e\000c\000t\000i\000o\000n\000\040\000\050\000T\0001\0000\0004\0006\000\051}{chapter.4}% 73
\BOOKMARK [2][-]{subsection.4.4.1}{\376\377\000S\000u\000r\000i\000c\000a\000t\000a\000\040\000P\000l\000a\000t\000f\000o\000r\000m\000\040\000S\000t\000a\000t\000i\000s\000t\000i\000c\000s}{section.4.4}% 74
\BOOKMARK [2][-]{subsection.4.4.2}{\376\377\000N\000o\000t\000a\000b\000l\000e\000\040\000S\000u\000r\000i\000c\000a\000t\000a\000\040\000S\000i\000g\000n\000a\000t\000u\000r\000e\000s\000\040\000T\000r\000i\000g\000g\000e\000r\000e\000d}{section.4.4}% 75
\BOOKMARK [1][-]{section.4.5}{\376\377\000S\000c\000e\000n\000a\000r\000i\000o\000\040\0004\000\040\040\024\000\040\000W\000i\000n\000d\000o\000w\000s\000\040\000E\000n\000d\000p\000o\000i\000n\000t\000\040\000R\000e\000c\000o\000n\000n\000a\000i\000s\000s\000a\000n\000c\000e\000\040\000\050\000T\0001\0000\0008\0007\000.\0000\0000\0001\000\051}{chapter.4}% 76
\BOOKMARK [2][-]{subsection.4.5.1}{\376\377\000W\000i\000n\000d\000o\000w\000s\000\040\000A\000g\000e\000n\000t\000\040\000T\000e\000l\000e\000m\000e\000t\000r\000y}{section.4.5}% 77
\BOOKMARK [1][-]{section.4.6}{\376\377\000M\000I\000T\000R\000E\000\040\000A\000T\000T\000\046\000C\000K\000\040\000C\000o\000v\000e\000r\000a\000g\000e\000\040\000M\000a\000t\000r\000i\000x}{chapter.4}% 78
\BOOKMARK [1][-]{section.4.7}{\376\377\000K\000P\000I\000\040\000S\000u\000m\000m\000a\000r\000y}{chapter.4}% 79
\BOOKMARK [1][-]{section.4.8}{\376\377\000A\000u\000t\000o\000m\000a\000t\000e\000d\000\040\000V\000a\000l\000i\000d\000a\000t\000i\000o\000n\000\040\000S\000u\000i\000t\000e\000\040\040\024\000\040\0001\0007\000/\0001\0007\000\040\000P\000a\000s\000s\000i\000n\000g}{chapter.4}% 80
\BOOKMARK [2][-]{subsection.4.8.1}{\376\377\000V\000a\000l\000i\000d\000a\000t\000i\000o\000n\000\040\000C\000h\000e\000c\000k\000\040\000D\000e\000s\000c\000r\000i\000p\000t\000i\000o\000n\000s}{section.4.8}% 81
\BOOKMARK [1][-]{section.4.9}{\376\377\000I\000S\000O\000\040\0002\0007\0000\0000\0001\000\040\000a\000n\000d\000\040\000P\000C\000I\000-\000D\000S\000S\000\040\000C\000o\000m\000p\000l\000i\000a\000n\000c\000e\000\040\000M\000a\000p\000p\000i\000n\000g}{chapter.4}% 82
\BOOKMARK [0][-]{chapter*.26}{\376\377\000G\000e\000n\000e\000r\000a\000l\000\040\000C\000o\000n\000c\000l\000u\000s\000i\000o\000n\000\040\000a\000n\000d\000\040\000P\000e\000r\000s\000p\000e\000c\000t\000i\000v\000e\000s}{}% 83
\BOOKMARK [0][-]{appendix.A}{\376\377\000v\000a\000l\000i\000d\000a\000t\000e\000.\000s\000h\000\040\040\024\000\040\000F\000u\000l\000l\000\040\000S\000o\000u\000r\000c\000e\000\040\000C\000o\000d\000e}{}% 84
\BOOKMARK [0][-]{appendix.B}{\376\377\000M\000I\000T\000R\000E\000\040\000A\000T\000T\000\046\000C\000K\000\040\000T\000e\000c\000h\000n\000i\000q\000u\000e\000\040\000D\000e\000t\000a\000i\000l\000s}{}% 85
\BOOKMARK [0][-]{appendix*.31}{\376\377\000A\000p\000p\000e\000n\000d\000i\000x\000\040\000C\000\040\040\024\000\040\000P\000l\000a\000t\000f\000o\000r\000m\000\040\000A\000r\000c\000h\000i\000t\000e\000c\000t\000u\000r\000e\000\040\000D\000i\000a\000g\000r\000a\000m\000\040\000R\000e\000f\000e\000r\000e\000n\000c\000e}{}% 86
